------------------------------------------------------------
Timing Analyzer Summary
------------------------------------------------------------

Type  : Slow 1100mV 85C Model Setup 'Clock'
Slack : -5.481
TNS   : -61.167

Type  : Slow 1100mV 85C Model Setup 'CLOCK_50'
Slack : -5.333
TNS   : -99.166

Type  : Slow 1100mV 85C Model Hold 'CLOCK_50'
Slack : 0.443
TNS   : 0.000

Type  : Slow 1100mV 85C Model Hold 'Clock'
Slack : 0.799
TNS   : 0.000

Type  : Slow 1100mV 85C Model Minimum Pulse Width 'CLOCK_50'
Slack : -0.538
TNS   : -30.952

Type  : Slow 1100mV 85C Model Minimum Pulse Width 'Clock'
Slack : -0.538
TNS   : -9.552

Type  : Slow 1100mV 0C Model Setup 'Clock'
Slack : -5.734
TNS   : -63.664

Type  : Slow 1100mV 0C Model Setup 'CLOCK_50'
Slack : -5.497
TNS   : -100.003

Type  : Slow 1100mV 0C Model Hold 'CLOCK_50'
Slack : 0.449
TNS   : 0.000

Type  : Slow 1100mV 0C Model Hold 'Clock'
Slack : 0.782
TNS   : 0.000

Type  : Slow 1100mV 0C Model Minimum Pulse Width 'CLOCK_50'
Slack : -0.538
TNS   : -31.474

Type  : Slow 1100mV 0C Model Minimum Pulse Width 'Clock'
Slack : -0.538
TNS   : -9.453

Type  : Fast 1100mV 85C Model Setup 'CLOCK_50'
Slack : -2.895
TNS   : -35.809

Type  : Fast 1100mV 85C Model Setup 'Clock'
Slack : -2.452
TNS   : -27.015

Type  : Fast 1100mV 85C Model Hold 'CLOCK_50'
Slack : 0.200
TNS   : 0.000

Type  : Fast 1100mV 85C Model Hold 'Clock'
Slack : 0.358
TNS   : 0.000

Type  : Fast 1100mV 85C Model Minimum Pulse Width 'CLOCK_50'
Slack : -0.313
TNS   : -4.032

Type  : Fast 1100mV 85C Model Minimum Pulse Width 'Clock'
Slack : 0.110
TNS   : 0.000

Type  : Fast 1100mV 0C Model Setup 'CLOCK_50'
Slack : -2.596
TNS   : -30.588

Type  : Fast 1100mV 0C Model Setup 'Clock'
Slack : -2.347
TNS   : -26.015

Type  : Fast 1100mV 0C Model Hold 'CLOCK_50'
Slack : 0.189
TNS   : 0.000

Type  : Fast 1100mV 0C Model Hold 'Clock'
Slack : 0.318
TNS   : 0.000

Type  : Fast 1100mV 0C Model Minimum Pulse Width 'CLOCK_50'
Slack : -0.326
TNS   : -4.061

Type  : Fast 1100mV 0C Model Minimum Pulse Width 'Clock'
Slack : 0.126
TNS   : 0.000

------------------------------------------------------------
